C166 COMPILER V7.57.0, LIB_DTC_DIAG_VERSION                                                01/03/2020 16:20:09 PAGE 1   


C166 COMPILER V7.57.0, COMPILATION OF MODULE LIB_DTC_DIAG_VERSION
OBJECT MODULE PLACED IN .\objs\Lib_DTC_Diag_Version.obj
COMPILER INVOKED BY: C:\Keil_v5\C166\BIN\C166.EXE DTC_Diag\Lib_DTC_Diag_Version.c MODV2 LARGE BROWSE INCDIR(.\src\hardwa
                    -re;.\src;.\EOL_Diag;.\DTC_Diag;.\Hw_Driver;.\CalTool;.\DTC_Diag\mcu2_prot;./CAN_Driver;.\xcp;.\src\include;.\EBS_Ctrl_Lo
                    -gic) MODV2 DEBUG CODE PRINT(.\objs\Lib_DTC_Diag_Version.lst) TABS(2) OBJECT(.\objs\Lib_DTC_Diag_Version.obj) 

 stmt lvl     source

    1         #include "lib_dtc_diag_version.h"
    2         
    3         const char lib_dtc_diag_version[]="["__DATE__" "__TIME__"]";
C166 COMPILER V7.57.0, LIB_DTC_DIAG_VERSION                                                01/03/2020 16:20:09 PAGE 2   

ASSEMBLY LISTING OF GENERATED OBJECT CODE




MODULE INFORMATION:   INITIALIZED  UNINITIALIZED
  CODE SIZE        =    --------     --------
  NEAR-CONST SIZE  =    --------     --------
  FAR-CONST SIZE   =          23     --------
  HUGE-CONST SIZE  =    --------     --------
  XHUGE-CONST SIZE =    --------     --------
  NEAR-DATA SIZE   =    --------     --------
  FAR-DATA SIZE    =    --------     --------
  XHUGE-DATA SIZE  =    --------     --------
  IDATA-DATA SIZE  =    --------     --------
  SDATA-DATA SIZE  =    --------     --------
  BDATA-DATA SIZE  =    --------     --------
  HUGE-DATA SIZE   =    --------     --------
  BIT SIZE         =    --------     --------
  INIT'L SIZE      =    --------     --------
END OF MODULE INFORMATION.


C166 COMPILATION COMPLETE.  0 WARNING(S),  0 ERROR(S)
