C166 COMPILER V7.57.0, PIDCONTROL                                                          11/27/2019 11:03:16 PAGE 1   


C166 COMPILER V7.57.0, COMPILATION OF MODULE PIDCONTROL
OBJECT MODULE PLACED IN .\objs\PIDcontrol.obj
COMPILER INVOKED BY: C:\Keil_v5\C166\BIN\C166.EXE EBS_Ctrl_Logic\PIDcontrol.c MODV2 LARGE BROWSE INCDIR(.\src\hardware;.
                    -\src;.\EOL_Diag;.\DTC_Diag;.\Hw_Driver;.\CalTool;.\DTC_Diag\mcu2_prot;./CAN_Driver;.\xcp;.\src\include;.\EBS_Logic) MODV
                    -2 DEBUG CODE PRINT(.\objs\PIDcontrol.lst) TABS(2) OBJECT(.\objs\PIDcontrol.obj) 

 stmt lvl     source

*** WARNING C38 IN LINE 1 OF EBS_Ctrl_Logic\PIDcontrol.c: empty translation unit
C166 COMPILER V7.57.0, PIDCONTROL                                                          11/27/2019 11:03:16 PAGE 2   

ASSEMBLY LISTING OF GENERATED OBJECT CODE




MODULE INFORMATION:   INITIALIZED  UNINITIALIZED
  CODE SIZE        =    --------     --------
  NEAR-CONST SIZE  =    --------     --------
  FAR-CONST SIZE   =    --------     --------
  HUGE-CONST SIZE  =    --------     --------
  XHUGE-CONST SIZE =    --------     --------
  NEAR-DATA SIZE   =    --------     --------
  FAR-DATA SIZE    =    --------     --------
  XHUGE-DATA SIZE  =    --------     --------
  IDATA-DATA SIZE  =    --------     --------
  SDATA-DATA SIZE  =    --------     --------
  BDATA-DATA SIZE  =    --------     --------
  HUGE-DATA SIZE   =    --------     --------
  BIT SIZE         =    --------     --------
  INIT'L SIZE      =    --------     --------
END OF MODULE INFORMATION.


C166 COMPILATION COMPLETE.  1 WARNING(S),  0 ERROR(S)
